{
  "node": "dc/g/Demographics",
  "info": {
    "absoluteName": "Demographics",
    "childStatVars": [
      {
        "id": "Mean_MealCost_Person_FoodSecure",
        "searchNames": [
          "Mean Cost of Person With Food Security Status is Food Secure, Food Type is Meal"
        ],
        "displayName": "Average Meal Cost for Food Secure People",
        "definition": "st=meanValue,mp=cost,pt=Person,foodSecurityStatus=FoodSecure,foodType=Meal"
      },
      {
        "id": "FertilityRate_Person_Female",
        "searchNames": [
          "Fertility Rate of Person"
        ],
        "displayName": "Fertility Rate",
        "definition": "mp=fertilityRate,pt=Person",
        "hasData": true
      },
      {
        "id": "GenderIncomeInequality_Person_15OrMoreYears_WithIncome",
        "searchNames": [
          "Gender Income Inequality of Person"
        ],
        "displayName": "Income Inequality Between Men and Women of Working Age",
        "definition": "mp=genderIncomeInequality,pt=Person"
      },
      {
        "id": "LifeExpectancy_Person",
        "searchNames": [
          "Life Expectancy of Person"
        ],
        "displayName": "Life Expectancy",
        "definition": "mp=lifeExpectancy,pt=Person",
        "hasData": true
      },
      {
        "id": "Median_Age_Person",
        "searchNames": [
          "Median Age of Person"
        ],
        "displayName": "Median Age of Population",
        "definition": "st=medianValue,mp=age,pt=Person"
      },
      {
        "id": "Median_Income_Person",
        "searchNames": [
          "Median Income of Person"
        ],
        "displayName": "Median Income of a Population",
        "definition": "st=medianValue,mp=income,pt=Person"
      },
      {
        "id": "Count_Person_WithInternetSubscription_AsAFractionOf_Count_Person",
        "searchNames": [
          "Population Count of Person With Internet Access Status is With Internet Subscription (Per Capita)"
        ],
        "displayName": "Number of Internet Subscribers per 100 population",
        "definition": "md=Count_Person,mp=count,pt=Person,internetAccessStatus=WithInternetSubscription"
      },
      {
        "id": "Count_Household_Homeless",
        "searchNames": [
          "Count of Household With Social Vulnerability Status is Homeless"
        ],
        "displayName": "Number of homeless households per 10,000 households",
        "definition": "mp=count,pt=Household,socialVulnerabilityStatus=Homeless"
      },
      {
        "id": "Count_Person_IsInternetUser_PerCapita",
        "searchNames": [
          "Population Count of Person With is Internet User is True (As Fraction of Per Capita)"
        ],
        "displayName": "Percent of Internet Users",
        "definition": "md=PerCapita,mp=count,pt=Person,isInternetUser=True",
        "hasData": true
      },
      {
        "id": "IncrementalCount_Person",
        "searchNames": [
          "Incremental Count of Person"
        ],
        "displayName": "Population Change",
        "definition": "mp=incrementalCount,pt=Person"
      },
      {
        "id": "Count_Person_PerArea",
        "searchNames": [
          "Population Count of Person (As Fraction of Area)"
        ],
        "displayName": "Population Density",
        "definition": "md=area,mp=count,pt=Person",
        "hasData": true
      },
      {
        "id": "GrowthRate_Count_Person",
        "searchNames": [
          "Growth Rate Population Count of Person"
        ],
        "displayName": "Rate of Population Growth",
        "definition": "st=growthRate,mp=count,pt=Person",
        "hasData": true
      },
      {
        "id": "Count_Person",
        "searchNames": [
          "Population Count of Person"
        ],
        "displayName": "Total Population",
        "definition": "mp=count,pt=Person",
        "hasData": true
      }
    ],
    "childStatVarGroups": [
      {
        "id": "dc/g/Person_Age",
        "specializedEntity": "Age",
        "displayName": "Person by Age",
        "descendentStatVarCount": 653
      },
      {
        "id": "dc/g/Person_AgeGroupClassification",
        "specializedEntity": "Age Group Classification",
        "displayName": "Person by Age Group Classification"
      },
      {
        "id": "dc/g/Household_BenefitStatus",
        "specializedEntity": "Benefit Status",
        "displayName": "Household by Benefit Status"
      },
      {
        "id": "dc/g/Person_BenefitStatus",
        "specializedEntity": "Benefit Status",
        "displayName": "Person by Benefit Status"
      },
      {
        "id": "dc/g/Household_BenefitsStatus",
        "specializedEntity": "Benefits Status",
        "displayName": "Household by Benefits Status"
      },
      {
        "id": "dc/g/Person_BenefitsStatus",
        "specializedEntity": "Benefits Status",
        "displayName": "Person by Benefits Status"
      },
      {
        "id": "dc/g/Child",
        "specializedEntity": "Child",
        "displayName": "Child"
      },
      {
        "id": "dc/g/Person_ChildrenStatus",
        "specializedEntity": "Children Status",
        "displayName": "Person by Children Status"
      },
      {
        "id": "dc/g/Person_CitizenshipStatus",
        "specializedEntity": "Citizenship Status",
        "displayName": "Person by Citizenship Status",
        "descendentStatVarCount": 396
      },
      {
        "id": "dc/g/Commute",
        "specializedEntity": "Commute",
        "displayName": "Commute"
      },
      {
        "id": "dc/g/Courthouse",
        "specializedEntity": "Courthouse",
        "displayName": "Courthouse"
      },
      {
        "id": "dc/g/Person_DateOfEntry",
        "specializedEntity": "Date of Entry",
        "displayName": "Person by Date of Entry"
      },
      {
        "id": "dc/g/Person_DisabilityStatus",
        "specializedEntity": "Disability Status",
        "displayName": "Person by Disability Status"
      },
      {
        "id": "dc/g/Person_Earnings",
        "specializedEntity": "Earnings",
        "displayName": "Person by Earnings"
      },
      {
        "id": "dc/g/Person_Employer",
        "specializedEntity": "Employer",
        "displayName": "Person by Employer"
      },
      {
        "id": "dc/g/Person_Ethnicity",
        "specializedEntity": "Ethnicity",
        "displayName": "Person by Ethnicity"
      },
      {
        "id": "dc/g/Household_Facilities",
        "specializedEntity": "Facilities",
        "displayName": "Household by Facilities"
      },
      {
        "id": "dc/g/Person_Facilities",
        "specializedEntity": "Facilities",
        "displayName": "Person by Facilities"
      },
      {
        "id": "dc/g/Place_Facilities",
        "specializedEntity": "Facilities",
        "displayName": "Place by Facilities"
      },
      {
        "id": "dc/g/Food",
        "specializedEntity": "Food",
        "displayName": "Food"
      },
      {
        "id": "dc/g/Person_FoodSecurityStatus",
        "specializedEntity": "Food Security Status",
        "displayName": "Person by Food Security Status"
      },
      {
        "id": "dc/g/Person_Gender",
        "specializedEntity": "Gender",
        "displayName": "Person by Gender",
        "descendentStatVarCount": 2426
      },
      {
        "id": "dc/g/Person_GovernmentId",
        "specializedEntity": "Government Id",
        "displayName": "Person by Government Id"
      },
      {
        "id": "dc/g/Household_HealthInsurance",
        "specializedEntity": "Health Insurance (Household)",
        "displayName": "Household by Health Insurance"
      },
      {
        "id": "dc/g/Person_HealthInsurance",
        "specializedEntity": "Health Insurance (Individual)",
        "displayName": "Person by Health Insurance"
      },
      {
        "id": "dc/g/House",
        "specializedEntity": "House",
        "displayName": "House"
      },
      {
        "id": "dc/g/Household",
        "specializedEntity": "Household",
        "displayName": "Household"
      },
      {
        "id": "dc/g/Person_HouseholdIncome",
        "specializedEntity": "Household Income",
        "displayName": "Person by Household Income"
      },
      {
        "id": "dc/g/Person_HouseholdType",
        "specializedEntity": "Household Type",
        "displayName": "Person by Household Type"
      },
      {
        "id": "dc/g/Households",
        "specializedEntity": "Households",
        "displayName": "Households"
      },
      {
        "id": "dc/g/ImmigrationAndCitizenship",
        "specializedEntity": "Immigration and Citizenship",
        "displayName": "Immigration and Citizenship",
        "descendentStatVarCount": 792
      },
      {
        "id": "dc/g/Household_Income",
        "specializedEntity": "Income (Household)",
        "displayName": "Household by Income"
      },
      {
        "id": "dc/g/Person_Income",
        "specializedEntity": "Income (Individual)",
        "displayName": "Person by Income",
        "descendentStatVarCount": 645
      },
      {
        "id": "dc/g/Person_IncomeStatus",
        "specializedEntity": "Income Status",
        "displayName": "Person by Income Status"
      },
      {
        "id": "dc/g/Language",
        "specializedEntity": "Language",
        "displayName": "Language"
      },
      {
        "id": "dc/g/Person_LiteracyStatus",
        "specializedEntity": "Literacy Status",
        "displayName": "Person by Literacy Status"
      },
      {
        "id": "dc/g/Person_MaritalStatus",
        "specializedEntity": "Marital Status",
        "displayName": "Person by Marital Status"
      },
      {
        "id": "dc/g/MaternalMortalityEvent",
        "specializedEntity": "Maternal Mortality Event",
        "displayName": "Maternal Mortality Event"
      },
      {
        "id": "dc/g/Person_MemberStatus",
        "specializedEntity": "Member Status",
        "displayName": "Person by Member Status"
      },
      {
        "id": "dc/g/MilitaryService",
        "specializedEntity": "Military Service",
        "displayName": "Military Service"
      },
      {
        "id": "dc/g/Demographics_Miscellaneous",
        "specializedEntity": "Miscellaneous",
        "displayName": "Miscellaneous",
        "descendentStatVarCount": 1160
      },
      {
        "id": "dc/g/MunicipalWard",
        "specializedEntity": "Municipal Ward",
        "displayName": "Municipal Ward"
      },
      {
        "id": "dc/g/Household_Nativity",
        "specializedEntity": "Nativity",
        "displayName": "Household by Nativity"
      },
      {
        "id": "dc/g/Person_Occupation",
        "specializedEntity": "Occupation",
        "displayName": "Person by Occupation"
      },
      {
        "id": "dc/g/Place_PlaceType",
        "specializedEntity": "Place Type",
        "displayName": "Place by Place Type"
      },
      {
        "id": "dc/g/Household_PlaceOfBirth",
        "specializedEntity": "Place of Birth",
        "displayName": "Household by Place of Birth"
      },
      {
        "id": "dc/g/Person_PlaceOfBirth",
        "specializedEntity": "Place of Birth",
        "displayName": "Person by Place of Birth"
      },
      {
        "id": "dc/g/Household_PlaceOfResidenceClassification",
        "specializedEntity": "Place of Residence Classification",
        "displayName": "Household by Place of Residence Classification"
      },
      {
        "id": "dc/g/Person_PlaceOfResidenceClassification",
        "specializedEntity": "Place of Residence Classification",
        "displayName": "Person by Place of Residence Classification",
        "descendentStatVarCount": 549
      },
      {
        "id": "dc/g/Place_PlaceOfResidenceClassification",
        "specializedEntity": "Place of Residence Classification",
        "displayName": "Place by Place of Residence Classification"
      },
      {
        "id": "dc/g/Person_PovertyStatus",
        "specializedEntity": "Poverty Status",
        "displayName": "Person by Poverty Status"
      },
      {
        "id": "dc/g/Person_Race",
        "specializedEntity": "Race",
        "displayName": "Person by Race"
      },
      {
        "id": "dc/g/Person_Religion",
        "specializedEntity": "Religion",
        "displayName": "Person by Religion"
      },
      {
        "id": "dc/g/Residence",
        "specializedEntity": "Residence",
        "displayName": "Residence",
        "descendentStatVarCount": 549
      },
      {
        "id": "dc/g/Person_ResidentStatus",
        "specializedEntity": "Resident Status",
        "displayName": "Person by Resident Status"
      },
      {
        "id": "dc/g/Place_SocialCondition",
        "specializedEntity": "Social Condition",
        "displayName": "Place by Social Condition"
      },
      {
        "id": "dc/g/Household_TransportationType",
        "specializedEntity": "Transportation Type",
        "displayName": "Household by Transportation Type"
      },
      {
        "id": "dc/g/Village",
        "specializedEntity": "Village",
        "displayName": "Village"
      }
    ],
    "descendentStatVarCount": 4478,
    "parentStatVarGroups": [
      "dc/g/Root"
    ]
  }
}