{
  "node": "dc/g/Root",
  "info": {
    "absoluteName": "Data Commons Variables",
    "childStatVarGroups": [
      {
        "id": "dc/g/Agriculture",
        "specializedEntity": "Agriculture",
        "displayName": "Agriculture",
        "descendentStatVarCount": 267
      },
      {
        "id": "dc/g/Demographics",
        "specializedEntity": "Demographics",
        "displayName": "Demographics",
        "descendentStatVarCount": 44955
      },
      {
        "id": "dc/g/Economy",
        "specializedEntity": "Economy",
        "displayName": "Economy",
        "descendentStatVarCount": 108376
      },
      {
        "id": "dc/g/Education",
        "specializedEntity": "Education",
        "displayName": "Education",
        "descendentStatVarCount": 69274
      },
      {
        "id": "dc/g/Energy",
        "specializedEntity": "Energy",
        "displayName": "Energy",
        "descendentStatVarCount": 9775
      },
      {
        "id": "dc/g/Environment",
        "specializedEntity": "Environment",
        "displayName": "Environment",
        "descendentStatVarCount": 3608
      },
      {
        "id": "dc/g/Health",
        "specializedEntity": "Health",
        "displayName": "Health",
        "descendentStatVarCount": 28297
      },
      {
        "id": "dc/g/Housing",
        "specializedEntity": "Housing",
        "displayName": "Housing",
        "descendentStatVarCount": 553
      },
      {
        "id": "dc/g/Crime",
        "specializedEntity": "Crime",
        "displayName": "Crime",
        "descendentStatVarCount": 8624
      },
      {
        "id": "dc/g/AboutDataCommons",
        "specializedEntity": "About Data Commons",
        "displayName": "About Data Commons",
        "descendentStatVarCount": 15
      },
      {
        "id": "dc/g/Uncategorized",
        "specializedEntity": "Uncategorized",
        "displayName": "Uncategorized",
        "descendentStatVarCount": 9326
      },
      {
        "id": "dc/g/SDG",
        "specializedEntity": "Sustainable Development Goals",
        "displayName": "Sustainable Development Goals",
        "descendentStatVarCount": 3807
      }
    ],
    "descendentStatVarCount": 209351
  }
}