{
  "data": {
    "Count_Person": {
      "rankFromTop": 18,
      "rankFromBottom": 3103
    },
    "Median_Age_Person": {
      "rankFromTop": 2568,
      "rankFromBottom": 621
    },
    "Median_Income_Person": {
      "rankFromTop": 22,
      "rankFromBottom": 3165
    },
    "UnemploymentRate_Person": {
      "rankFromTop": 1760,
      "rankFromBottom": 1429
    }
  }
}