{
  "data": [
    {
      "node": "dc/g/Economy",
      "info": {
        "absoluteName": "Economy",
        "childStatVars": [
          {
            "id": "Median_Income_Household",
            "searchNames": [
              "Median Income of Household"
            ],
            "displayName": "Median Income for All Households",
            "definition": "st=medianValue,mp=income,pt=Household"
          },
          {
            "id": "Weekly_Median_Income_Household",
            "searchNames": [
              "Median Income of Household (Weekly)"
            ],
            "displayName": "Median Income of Household (Weekly)",
            "definition": "mq=Weekly,st=medianValue,mp=income,pt=Household"
          },
          {
            "id": "Count_Product_MobileCellularSubscription_AsFractionOf_Count_Person",
            "searchNames": [
              "Count of Product With Product Type is Mobile Cellular Subscription (Per Capita)"
            ],
            "displayName": "Mobile Phone Subscriptions Per Person in a Population",
            "definition": "md=Count_Person,mp=count,pt=Product,productType=MobileCellularSubscription",
            "hasData": true
          }
        ],
        "childStatVarGroups": [
          {
            "id": "dc/g/Employment",
            "specializedEntity": "Employment and Business",
            "displayName": "Employment and Business"
          },
          {
            "id": "dc/g/Person_Age",
            "specializedEntity": "Age",
            "displayName": "Person by Age"
          },
          {
            "id": "dc/g/ConsumerGoodsAndServices",
            "specializedEntity": "Consumer Goods And Services",
            "displayName": "Consumer Goods And Services"
          },
          {
            "id": "dc/g/Currency",
            "specializedEntity": "Currency",
            "displayName": "Currency"
          },
          {
            "id": "dc/g/Debt",
            "specializedEntity": "Debt",
            "displayName": "Debt"
          },
          {
            "id": "dc/g/EconomicActivity",
            "specializedEntity": "Economic Activity",
            "displayName": "Economic Activity",
            "descendentStatVarCount": 5
          },
          {
            "id": "dc/g/Person_EconomicSector",
            "specializedEntity": "Economic Sector",
            "displayName": "Person by Economic Sector"
          },
          {
            "id": "dc/g/FinancialInstrument",
            "specializedEntity": "Financial Instrument",
            "displayName": "Financial Instrument"
          },
          {
            "id": "dc/g/Household_HouseholdType",
            "specializedEntity": "Household Type",
            "displayName": "Household by Household Type"
          },
          {
            "id": "dc/g/Household_Income",
            "specializedEntity": "Income (Household)",
            "displayName": "Household by Income"
          },
          {
            "id": "dc/g/Person_Income",
            "specializedEntity": "Income (Individual)",
            "displayName": "Person by Income"
          },
          {
            "id": "dc/g/Person_IncomeSource",
            "specializedEntity": "Income Source",
            "displayName": "Person by Income Source"
          },
          {
            "id": "dc/g/Household_IncomeStatus",
            "specializedEntity": "Income Status",
            "displayName": "Household by Income Status"
          },
          {
            "id": "dc/g/Person_IncomeStatus",
            "specializedEntity": "Income Status",
            "displayName": "Person by Income Status"
          },
          {
            "id": "dc/g/Person_IncomeType",
            "specializedEntity": "Income Type",
            "displayName": "Person by Income Type"
          },
          {
            "id": "dc/g/Person_LaborForceStatus",
            "specializedEntity": "Labor Force Status",
            "displayName": "Person by Labor Force Status"
          },
          {
            "id": "dc/g/Economy_Miscellaneous",
            "specializedEntity": "Miscellaneous",
            "displayName": "Miscellaneous",
            "descendentStatVarCount": 133
          },
          {
            "id": "dc/g/NetworkSubscriber",
            "specializedEntity": "Network Subscriber",
            "displayName": "Network Subscriber"
          },
          {
            "id": "dc/g/Person_PovertyStatus",
            "specializedEntity": "Poverty Status",
            "displayName": "Person by Poverty Status"
          },
          {
            "id": "dc/g/Remittance",
            "specializedEntity": "Remittance",
            "displayName": "Remittance"
          },
          {
            "id": "dc/g/Stock",
            "specializedEntity": "Stock",
            "displayName": "Stock"
          },
          {
            "id": "dc/g/TreasuryBill",
            "specializedEntity": "Treasury Bill",
            "displayName": "Treasury Bill"
          },
          {
            "id": "dc/g/TreasuryBond",
            "specializedEntity": "Treasury Bond",
            "displayName": "Treasury Bond"
          },
          {
            "id": "dc/g/TreasuryNote",
            "specializedEntity": "Treasury Note",
            "displayName": "Treasury Note"
          },
          {
            "id": "dc/g/TreasurySecurity",
            "specializedEntity": "Treasury Security",
            "displayName": "Treasury Security"
          }
        ],
        "descendentStatVarCount": 133,
        "parentStatVarGroups": [
          "dc/g/Root"
        ]
      }
    },
    {
      "node": "invalid",
      "info": {}
    }
  ]
}