{
  "data": {
    "Count_Person": {
      "rankAll": {
        "info": [
          {
            "rank": 1,
            "value": 9721138,
            "placeDcid": "geoId/06037"
          },
          {
            "rank": 2,
            "value": 3276208,
            "placeDcid": "geoId/06073"
          },
          {
            "rank": 3,
            "value": 3151184,
            "placeDcid": "geoId/06059"
          },
          {
            "rank": 4,
            "value": 2473902,
            "placeDcid": "geoId/06065"
          },
          {
            "rank": 5,
            "value": 2193656,
            "placeDcid": "geoId/06071"
          },
          {
            "rank": 6,
            "value": 1870945,
            "placeDcid": "geoId/06085"
          },
          {
            "rank": 7,
            "value": 1628997,
            "placeDcid": "geoId/06001"
          },
          {
            "rank": 8,
            "value": 1584169,
            "placeDcid": "geoId/06067"
          },
          {
            "rank": 9,
            "value": 1156966,
            "placeDcid": "geoId/06013"
          },
          {
            "rank": 10,
            "value": 1015190,
            "placeDcid": "geoId/06019"
          },
          {
            "rank": 11,
            "value": 916108,
            "placeDcid": "geoId/06029"
          },
          {
            "rank": 12,
            "value": 832605,
            "placeDcid": "geoId/06111"
          },
          {
            "rank": 13,
            "value": 808437,
            "placeDcid": "geoId/06075"
          },
          {
            "rank": 14,
            "value": 793229,
            "placeDcid": "geoId/06077"
          },
          {
            "rank": 15,
            "value": 729181,
            "placeDcid": "geoId/06081"
          },
          {
            "rank": 16,
            "value": 551275,
            "placeDcid": "geoId/06099"
          },
          {
            "rank": 17,
            "value": 482650,
            "placeDcid": "geoId/06097"
          },
          {
            "rank": 18,
            "value": 477544,
            "placeDcid": "geoId/06107"
          },
          {
            "rank": 19,
            "value": 448747,
            "placeDcid": "geoId/06095"
          },
          {
            "rank": 20,
            "value": 443837,
            "placeDcid": "geoId/06083"
          },
          {
            "rank": 21,
            "value": 432858,
            "placeDcid": "geoId/06053"
          },
          {
            "rank": 22,
            "value": 417772,
            "placeDcid": "geoId/06061"
          },
          {
            "rank": 23,
            "value": 290014,
            "placeDcid": "geoId/06047"
          },
          {
            "rank": 24,
            "value": 282013,
            "placeDcid": "geoId/06079"
          },
          {
            "rank": 25,
            "value": 264370,
            "placeDcid": "geoId/06087"
          },
          {
            "rank": 26,
            "value": 256018,
            "placeDcid": "geoId/06041"
          },
          {
            "rank": 27,
            "value": 222115,
            "placeDcid": "geoId/06113"
          },
          {
            "rank": 28,
            "value": 207303,
            "placeDcid": "geoId/06007"
          },
          {
            "rank": 29,
            "value": 192646,
            "placeDcid": "geoId/06017"
          },
          {
            "rank": 30,
            "value": 180930,
            "placeDcid": "geoId/06089"
          },
          {
            "rank": 31,
            "value": 178713,
            "placeDcid": "geoId/06025"
          },
          {
            "rank": 32,
            "value": 160256,
            "placeDcid": "geoId/06039"
          },
          {
            "rank": 33,
            "value": 152981,
            "placeDcid": "geoId/06031"
          },
          {
            "rank": 34,
            "value": 135010,
            "placeDcid": "geoId/06023"
          },
          {
            "rank": 35,
            "value": 134300,
            "placeDcid": "geoId/06055"
          },
          {
            "rank": 36,
            "value": 102293,
            "placeDcid": "geoId/06057"
          },
          {
            "rank": 37,
            "value": 98503,
            "placeDcid": "geoId/06101"
          },
          {
            "rank": 38,
            "value": 89783,
            "placeDcid": "geoId/06045"
          },
          {
            "rank": 39,
            "value": 84310,
            "placeDcid": "geoId/06115"
          },
          {
            "rank": 40,
            "value": 68191,
            "placeDcid": "geoId/06033"
          },
          {
            "rank": 41,
            "value": 67579,
            "placeDcid": "geoId/06069"
          },
          {
            "rank": 42,
            "value": 65245,
            "placeDcid": "geoId/06103"
          },
          {
            "rank": 43,
            "value": 54531,
            "placeDcid": "geoId/06109"
          },
          {
            "rank": 44,
            "value": 46563,
            "placeDcid": "geoId/06009"
          },
          {
            "rank": 45,
            "value": 43660,
            "placeDcid": "geoId/06093"
          },
          {
            "rank": 46,
            "value": 41412,
            "placeDcid": "geoId/06005"
          },
          {
            "rank": 47,
            "value": 29904,
            "placeDcid": "geoId/06035"
          },
          {
            "rank": 48,
            "value": 28339,
            "placeDcid": "geoId/06021"
          },
          {
            "rank": 49,
            "value": 27082,
            "placeDcid": "geoId/06015"
          },
          {
            "rank": 50,
            "value": 21914,
            "placeDcid": "geoId/06011"
          },
          {
            "rank": 51,
            "value": 19351,
            "placeDcid": "geoId/06063"
          },
          {
            "rank": 52,
            "value": 18718,
            "placeDcid": "geoId/06027"
          },
          {
            "rank": 53,
            "value": 17020,
            "placeDcid": "geoId/06043"
          },
          {
            "rank": 54,
            "value": 15781,
            "placeDcid": "geoId/06105"
          },
          {
            "rank": 55,
            "value": 12978,
            "placeDcid": "geoId/06051"
          },
          {
            "rank": 56,
            "value": 8511,
            "placeDcid": "geoId/06049"
          },
          {
            "rank": 57,
            "value": 3217,
            "placeDcid": "geoId/06091"
          },
          {
            "rank": 58,
            "value": 1190,
            "placeDcid": "geoId/06003"
          }
        ]
      }
    },
    "Median_Age_Person": {
      "rankAll": {
        "info": [
          {
            "rank": 1,
            "value": 53.9,
            "placeDcid": "geoId/06105"
          },
          {
            "rank": 2,
            "value": 52.3,
            "placeDcid": "geoId/06009"
          },
          {
            "rank": 3,
            "value": 51.8,
            "placeDcid": "geoId/06063"
          },
          {
            "rank": 4,
            "value": 51.6,
            "placeDcid": "geoId/06043"
          },
          {
            "rank": 5,
            "value": 50.1,
            "placeDcid": "geoId/06057"
          },
          {
            "rank": 6,
            "value": 49.7,
            "placeDcid": "geoId/06005"
          },
          {
            "rank": 7,
            "value": 48.6,
            "placeDcid": "geoId/06109"
          },
          {
            "rank": 8,
            "value": 48.2,
            "placeDcid": "geoId/06003"
          },
          {
            "rank": 9,
            "value": 47.8,
            "placeDcid": "geoId/06049"
          },
          {
            "rank": 10,
            "value": 47.1,
            "placeDcid": "geoId/06093"
          },
          {
            "rank": 11,
            "value": 47.1,
            "placeDcid": "geoId/06041"
          },
          {
            "rank": 12,
            "value": 46.2,
            "placeDcid": "geoId/06017"
          },
          {
            "rank": 13,
            "value": 45.9,
            "placeDcid": "geoId/06091"
          },
          {
            "rank": 14,
            "value": 44.6,
            "placeDcid": "geoId/06033"
          },
          {
            "rank": 15,
            "value": 44.5,
            "placeDcid": "geoId/06027"
          },
          {
            "rank": 16,
            "value": 43.6,
            "placeDcid": "geoId/06045"
          },
          {
            "rank": 17,
            "value": 42.5,
            "placeDcid": "geoId/06097"
          },
          {
            "rank": 18,
            "value": 42.1,
            "placeDcid": "geoId/06061"
          },
          {
            "rank": 19,
            "value": 42.1,
            "placeDcid": "geoId/06055"
          },
          {
            "rank": 20,
            "value": 41.5,
            "placeDcid": "geoId/06089"
          },
          {
            "rank": 21,
            "value": 40.3,
            "placeDcid": "geoId/06051"
          },
          {
            "rank": 22,
            "value": 40.1,
            "placeDcid": "geoId/06015"
          },
          {
            "rank": 23,
            "value": 40,
            "placeDcid": "geoId/06103"
          },
          {
            "rank": 24,
            "value": 40,
            "placeDcid": "geoId/06081"
          },
          {
            "rank": 25,
            "value": 39.9,
            "placeDcid": "geoId/06013"
          },
          {
            "rank": 26,
            "value": 39.7,
            "placeDcid": "geoId/06079"
          },
          {
            "rank": 27,
            "value": 39.1,
            "placeDcid": "geoId/06023"
          },
          {
            "rank": 28,
            "value": 38.7,
            "placeDcid": "geoId/06111"
          },
          {
            "rank": 29,
            "value": 38.7,
            "placeDcid": "geoId/06075"
          },
          {
            "rank": 30,
            "value": 38.5,
            "placeDcid": "geoId/06095"
          },
          {
            "rank": 31,
            "value": 38.5,
            "placeDcid": "geoId/06087"
          },
          {
            "rank": 32,
            "value": 38.5,
            "placeDcid": "geoId/06059"
          },
          {
            "rank": 33,
            "value": 38,
            "placeDcid": "geoId/06001"
          },
          {
            "rank": 34,
            "value": 37.5,
            "placeDcid": "geoId/06085"
          },
          {
            "rank": 35,
            "value": 37.3,
            "placeDcid": "geoId/06035"
          },
          {
            "rank": 36,
            "value": 37,
            "placeDcid": "geoId/06037"
          },
          {
            "rank": 37,
            "value": 36.6,
            "placeDcid": "geoId/06067"
          },
          {
            "rank": 38,
            "value": 36.6,
            "placeDcid": "geoId/06007"
          },
          {
            "rank": 39,
            "value": 36.3,
            "placeDcid": "geoId/06073"
          },
          {
            "rank": 40,
            "value": 36,
            "placeDcid": "geoId/06065"
          },
          {
            "rank": 41,
            "value": 35.8,
            "placeDcid": "geoId/06101"
          },
          {
            "rank": 42,
            "value": 35.7,
            "placeDcid": "geoId/06069"
          },
          {
            "rank": 43,
            "value": 35.6,
            "placeDcid": "geoId/06011"
          },
          {
            "rank": 44,
            "value": 35.5,
            "placeDcid": "geoId/06021"
          },
          {
            "rank": 45,
            "value": 34.9,
            "placeDcid": "geoId/06053"
          },
          {
            "rank": 46,
            "value": 34.6,
            "placeDcid": "geoId/06077"
          },
          {
            "rank": 47,
            "value": 34.4,
            "placeDcid": "geoId/06099"
          },
          {
            "rank": 48,
            "value": 34.3,
            "placeDcid": "geoId/06039"
          },
          {
            "rank": 49,
            "value": 33.9,
            "placeDcid": "geoId/06083"
          },
          {
            "rank": 50,
            "value": 33.8,
            "placeDcid": "geoId/06071"
          },
          {
            "rank": 51,
            "value": 33.2,
            "placeDcid": "geoId/06115"
          },
          {
            "rank": 52,
            "value": 32.6,
            "placeDcid": "geoId/06019"
          },
          {
            "rank": 53,
            "value": 32.5,
            "placeDcid": "geoId/06025"
          },
          {
            "rank": 54,
            "value": 32.1,
            "placeDcid": "geoId/06031"
          },
          {
            "rank": 55,
            "value": 32.1,
            "placeDcid": "geoId/06029"
          },
          {
            "rank": 56,
            "value": 31.5,
            "placeDcid": "geoId/06113"
          },
          {
            "rank": 57,
            "value": 31.3,
            "placeDcid": "geoId/06107"
          },
          {
            "rank": 58,
            "value": 31.3,
            "placeDcid": "geoId/06047"
          }
        ]
      }
    }
  }
}